C:/TouchGFXProjects/MyApplication_7/Core/Src/main.c:164:5:main	1
C:/TouchGFXProjects/MyApplication_7/Core/Src/main.c:257:6:SystemClock_Config	3
C:/TouchGFXProjects/MyApplication_7/Core/Src/main.c:303:13:MX_CRC_Init	2
C:/TouchGFXProjects/MyApplication_7/Core/Src/main.c:329:13:MX_DMA2D_Init	3
C:/TouchGFXProjects/MyApplication_7/Core/Src/main.c:366:13:MX_I2C3_Init	4
C:/TouchGFXProjects/MyApplication_7/Core/Src/main.c:414:13:MX_LTDC_Init	3
C:/TouchGFXProjects/MyApplication_7/Core/Src/main.c:481:13:MX_RNG_Init	2
C:/TouchGFXProjects/MyApplication_7/Core/Src/main.c:507:13:MX_SPI5_Init	2
C:/TouchGFXProjects/MyApplication_7/Core/Src/main.c:546:13:MX_TIM2_Init	4
C:/TouchGFXProjects/MyApplication_7/Core/Src/main.c:587:13:MX_FMC_Init	2
C:/TouchGFXProjects/MyApplication_7/Core/Src/main.c:642:13:MX_GPIO_Init	1
C:/TouchGFXProjects/MyApplication_7/Core/Src/main.c:704:6:HAL_GPIO_EXTI_Callback	10
C:/TouchGFXProjects/MyApplication_7/Core/Src/main.c:743:13:BSP_SDRAM_Initialization_Sequence	1
C:/TouchGFXProjects/MyApplication_7/Core/Src/main.c:801:6:IOE_Init	1
C:/TouchGFXProjects/MyApplication_7/Core/Src/main.c:810:6:IOE_ITConfig	1
C:/TouchGFXProjects/MyApplication_7/Core/Src/main.c:822:6:IOE_Write	1
C:/TouchGFXProjects/MyApplication_7/Core/Src/main.c:833:9:IOE_Read	1
C:/TouchGFXProjects/MyApplication_7/Core/Src/main.c:846:10:IOE_ReadMultiple	1
C:/TouchGFXProjects/MyApplication_7/Core/Src/main.c:855:6:IOE_Delay	1
C:/TouchGFXProjects/MyApplication_7/Core/Src/main.c:866:13:I2C3_WriteData	1
C:/TouchGFXProjects/MyApplication_7/Core/Src/main.c:886:16:I2C3_ReadData	1
C:/TouchGFXProjects/MyApplication_7/Core/Src/main.c:911:16:I2C3_ReadBuffer	2
C:/TouchGFXProjects/MyApplication_7/Core/Src/main.c:936:17:SPI5_Read	2
C:/TouchGFXProjects/MyApplication_7/Core/Src/main.c:957:13:SPI5_Write	2
C:/TouchGFXProjects/MyApplication_7/Core/Src/main.c:974:13:SPI5_Error	1
C:/TouchGFXProjects/MyApplication_7/Core/Src/main.c:983:6:LCD_IO_Init	1
C:/TouchGFXProjects/MyApplication_7/Core/Src/main.c:993:6:LCD_IO_WriteData	1
C:/TouchGFXProjects/MyApplication_7/Core/Src/main.c:1009:6:LCD_IO_WriteReg	1
C:/TouchGFXProjects/MyApplication_7/Core/Src/main.c:1028:10:LCD_IO_ReadData	1
C:/TouchGFXProjects/MyApplication_7/Core/Src/main.c:1055:6:LCD_Delay	1
C:/TouchGFXProjects/MyApplication_7/Core/Src/main.c:1069:6:StartDefaultTask	1
C:/TouchGFXProjects/MyApplication_7/Core/Src/main.c:1088:6:HAL_TIM_PeriodElapsedCallback	3
C:/TouchGFXProjects/MyApplication_7/Core/Src/main.c:1107:6:Error_Handler	1
